Aborted_clients         counter
Aborted_connects                counter
Binlog_cache_disk_use           counter
Binlog_cache_use                counter
Bytes_received          counter
Bytes_sent              counter
Com_admin_commands              counter
Com_alter_db            counter
Com_alter_event         counter
Com_alter_table         counter
Com_analyze             counter
Com_backup_table                counter
Com_begin               counter
Com_call_procedure              counter
Com_change_db           counter
Com_change_master               counter
Com_check               counter
Com_checksum            counter
Com_commit              counter
Com_create_db           counter
Com_create_event                counter
Com_create_function             counter
Com_create_index                counter
Com_create_table                counter
Com_create_user         counter
Com_dealloc_sql         counter
Com_delete              counter
Com_delete_multi                counter
Com_do          counter
Com_drop_db             counter
Com_drop_event          counter
Com_drop_function               counter
Com_drop_index          counter
Com_drop_table          counter
Com_drop_user           counter
Com_execute_sql         counter
Com_flush               counter
Com_grant               counter
Com_ha_close            counter
Com_ha_open             counter
Com_ha_read             counter
Com_help                counter
Com_insert              counter
Com_insert_select               counter
Com_kill                counter
Com_load                counter
Com_lock_tables         counter
Com_optimize            counter
Com_preload_keys                counter
Com_prepare_sql         counter
Com_purge               counter
Com_purge_before_date           counter
Com_rename_table                counter
Com_repair              counter
Com_replace             counter
Com_replace_select              counter
Com_reset               counter
Com_restore_table               counter
Com_revoke              counter
Com_revoke_all          counter
Com_rollback            counter
Com_savepoint           counter
Com_select              counter
Com_set_option          counter
Com_show_binlog_events          counter
Com_show_binlogs                counter
Com_show_charsets               counter
Com_show_collations             counter
Com_show_column_types           counter
Com_show_create_db              counter
Com_show_create_event           counter
Com_show_create_table           counter
Com_show_databases              counter
Com_show_engine_logs            counter
Com_show_engine_mutex           counter
Com_show_engine_status          counter
Com_show_errors         counter
Com_show_events         counter
Com_show_fields         counter
Com_show_grants         counter
Com_show_innodb_status          counter
Com_show_keys           counter
Com_show_logs           counter
Com_show_master_status          counter
Com_show_ndb_status             counter
Com_show_new_master             counter
Com_show_open_tables            counter
Com_show_plugins                counter
Com_show_privileges             counter
Com_show_processlist            counter
Com_show_slave_hosts            counter
Com_show_slave_status           counter
Com_show_status         counter
Com_show_storage_engines                counter
Com_show_tables         counter
Com_show_triggers               counter
Com_show_variables              counter
Com_show_warnings               counter
Com_slave_start         counter
Com_slave_stop          counter
Com_stmt_close          counter
Com_stmt_execute                counter
Com_stmt_fetch          counter
Com_stmt_prepare                counter
Com_stmt_reset          counter
Com_stmt_send_long_data         counter
Com_truncate            counter
Com_unlock_tables               counter
Com_update              counter
Com_update_multi                counter
Com_xa_commit           counter
Com_xa_end              counter
Com_xa_prepare          counter
Com_xa_recover          counter
Com_xa_rollback         counter
Com_xa_start            counter
Connections             counter
Created_tmp_disk_tables         counter
Created_tmp_files               counter
Created_tmp_tables              counter
Delayed_errors          counter
Delayed_insert_threads          counter
Delayed_writes          counter
Flush_commands          counter
Handler_commit          counter
Handler_delete          counter
Handler_discover                counter
Handler_prepare         counter
Handler_read_first              counter
Handler_read_key                counter
Handler_read_next               counter
Handler_read_prev               counter
Handler_read_rnd                counter
Handler_read_rnd_next           counter
Handler_rollback                counter
Handler_savepoint               counter
Handler_savepoint_rollback              counter
Handler_update          counter
Handler_write           counter
Innodb_buffer_pool_pages_data           number
Innodb_buffer_pool_pages_dirty          number
Innodb_buffer_pool_pages_flushed                number
Innodb_buffer_pool_pages_free           number
Innodb_buffer_pool_pages_latched                number
Innodb_buffer_pool_pages_misc           number
Innodb_buffer_pool_pages_total          number
Innodb_buffer_pool_read_ahead_rnd               counter
Innodb_buffer_pool_read_ahead_seq               counter
Innodb_buffer_pool_read_requests                counter
Innodb_buffer_pool_reads                counter
Innodb_buffer_pool_wait_free            counter
Innodb_buffer_pool_write_requests               counter
Innodb_data_fsyncs              counter
Innodb_data_pending_fsyncs              counter
Innodb_data_pending_reads               counter
Innodb_data_pending_writes              counter
Innodb_data_read                counter
Innodb_data_reads               counter
Innodb_data_writes              counter
Innodb_data_written             counter
Innodb_dblwr_pages_written              counter
Innodb_dblwr_writes             counter
Innodb_log_waits                counter
Innodb_log_write_requests               counter
Innodb_log_writes               counter
Innodb_os_log_fsyncs            counter
Innodb_os_log_pending_fsyncs            counter
Innodb_os_log_pending_writes            counter
Innodb_os_log_written           counter
Innodb_page_size                counter
Innodb_pages_created            counter
Innodb_pages_read               counter
Innodb_pages_written            counter
Innodb_row_lock_current_waits           counter
Innodb_row_lock_time            counter
Innodb_row_lock_time_avg                counter
Innodb_row_lock_time_max                counter
Innodb_row_lock_waits           counter
Innodb_rows_deleted             counter
Innodb_rows_inserted            counter
Innodb_rows_read                counter
Innodb_rows_updated             counter
Key_blocks_not_flushed          counter
Key_blocks_unused               counter
Key_blocks_used         counter
Key_read_requests               counter
Key_reads               counter
Key_write_requests              counter
Key_writes              counter
Last_query_cost         number
Max_used_connections            number
Not_flushed_delayed_rows                counter
Open_files              number
Open_streams            number
Open_tables             number
Opened_tables           number
Prepared_stmt_count             number
Qcache_free_blocks              number
Qcache_free_memory              number
Qcache_hits             counter
Qcache_inserts          number
Qcache_lowmem_prunes            number
Qcache_not_cached               counter
Qcache_queries_in_cache         number
Qcache_total_blocks             number
Queries         counter
Questions               counter
Select_full_join                counter
Select_full_range_join          counter
Select_range            counter
Select_range_check              counter
Select_scan             counter
Slave_open_temp_tables          number
Slave_retried_transactions              counter
Slow_launch_threads             number
Slow_queries            counter
Sort_merge_passes               counter
Sort_range              counter
Sort_rows               counter
Sort_scan               counter
Table_locks_immediate           counter
Table_locks_waited              counter
Tc_log_max_pages_used           number
Tc_log_page_size                number
Tc_log_page_waits               number
Threads_cached          number
Threads_connected               number
Threads_created         number
Threads_running         number
Uptime          number
Uptime_since_flush_status               number